Component: ARM Compiler 5.06 update 7 (build 960) Tool: armlink [4d3601]

==============================================================================

Section Cross References

    uart_main.o(i.main) refers to uart_init.o(Code1) for UART_init
    uart_main.o(i.main) refers to uart_api.o(i.Initialize_SysTick) for Initialize_SysTick
    uart_main.o(i.main) refers to uart_api.o(i.init_NVIC) for init_NVIC
    uart_main.o(i.main) refers to uart_api.o(i.init_Timer0_for_UART) for init_Timer0_for_UART
    uart_main.o(i.main) refers to uart_api.o(i.init_Timer2) for init_Timer2
    uart_main.o(i.main) refers to glcd_lpc1700.o(i.GLCD_Init) for GLCD_Init
    uart_main.o(i.main) refers to glcd_lpc1700.o(i.GLCD_Clear) for GLCD_Clear
    uart_main.o(i.main) refers to glcd_lpc1700.o(i.GLCD_SetBackColor) for GLCD_SetBackColor
    uart_main.o(i.main) refers to glcd_lpc1700.o(i.GLCD_SetTextColor) for GLCD_SetTextColor
    uart_main.o(i.main) refers to glcd_lpc1700.o(i.GLCD_DisplayString) for GLCD_DisplayString
    uart_main.o(i.main) refers to uart_api.o(i.UART_Start_Char_Transmit) for UART_Start_Char_Transmit
    uart_main.o(i.main) refers to glcd_lpc1700.o(i.GLCD_ClearLn) for GLCD_ClearLn
    uart_main.o(i.main) refers to uart_main.o(.data) for Selected_UART_PORT
    uart_main.o(i.main) refers to uart_api.o(.data) for INT0_RisingEdgeDetected
    uart_main.o(i.main) refers to uart_main.o(.bss) for Zeile
    uart_main.o(.data) refers to uart_main.o(.conststring) for .conststring
    uart_api.o(i.Initialize_SysTick) refers to uart_api.o(i.__NVIC_SetPriority) for __NVIC_SetPriority
    uart_api.o(i.SysTick_Handler) refers to uart_api.o(.data) for New_INT0_ButtonState
    uart_api.o(i.TIMER0_IRQHandler) refers to uart_api.o(.data) for New_UART_Data_Received
    uart_api.o(i.TIMER0_IRQHandler) refers to uart_main.o(.data) for Selected_UART_PORT
    uart_api.o(i.TIMER0_IRQHandler) refers to uart_api.o(.bss) for UART0_ReceivedBytes
    uart_api.o(i.TIMER2_IRQHandler) refers to uart_api.o(.data) for firstValue
    uart_api.o(i.UART0_IRQHandler) refers to uart_getchar.o(Code1) for UART_GetChar
    uart_api.o(i.UART0_IRQHandler) refers to uart_putchar.o(Code1) for UART_PutChar
    uart_api.o(i.UART0_IRQHandler) refers to uart_api.o(.data) for U0_rx_sw_buffer_index
    uart_api.o(i.UART0_IRQHandler) refers to uart_api.o(.bss) for UART0_ReceivedBytes
    uart_api.o(i.UART0_IRQHandler) refers to uart_main.o(.data) for UART_TX_String
    uart_api.o(i.UART1_IRQHandler) refers to uart_getchar.o(Code1) for UART_GetChar
    uart_api.o(i.UART1_IRQHandler) refers to uart_putchar.o(Code1) for UART_PutChar
    uart_api.o(i.UART1_IRQHandler) refers to uart_api.o(.data) for U1_rx_sw_buffer_index
    uart_api.o(i.UART1_IRQHandler) refers to uart_api.o(.bss) for UART1_ReceivedBytes
    uart_api.o(i.UART1_IRQHandler) refers to uart_main.o(.data) for UART_TX_String
    uart_api.o(i.UART2_IRQHandler) refers to uart_getchar.o(Code1) for UART_GetChar
    uart_api.o(i.UART2_IRQHandler) refers to uart_putchar.o(Code1) for UART_PutChar
    uart_api.o(i.UART2_IRQHandler) refers to uart_api.o(.data) for U2_rx_sw_buffer_index
    uart_api.o(i.UART2_IRQHandler) refers to uart_api.o(.bss) for UART2_ReceivedBytes
    uart_api.o(i.UART2_IRQHandler) refers to uart_main.o(.data) for UART_TX_String
    uart_api.o(i.UART3_IRQHandler) refers to uart_getchar.o(Code1) for UART_GetChar
    uart_api.o(i.UART3_IRQHandler) refers to uart_putchar.o(Code1) for UART_PutChar
    uart_api.o(i.UART3_IRQHandler) refers to uart_api.o(.data) for U3_rx_sw_buffer_index
    uart_api.o(i.UART3_IRQHandler) refers to uart_api.o(.bss) for UART3_ReceivedBytes
    uart_api.o(i.UART3_IRQHandler) refers to uart_main.o(.data) for UART_TX_String
    uart_api.o(i.UART_Start_Char_Transmit) refers to uart_putchar.o(Code1) for UART_PutChar
    uart_api.o(i.UART_Start_Char_Transmit) refers to uart_api.o(.data) for U0_TX_Running
    uart_api.o(i.UART_Start_Char_Transmit) refers to uart_main.o(.data) for UART_TX_String
    uart_api.o(i.init_NVIC) refers to uart_api.o(i.__NVIC_EnableIRQ) for __NVIC_EnableIRQ
    uart_api.o(i.init_NVIC) refers to uart_api.o(i.__NVIC_SetPriority) for __NVIC_SetPriority
    uart_api.o(i.init_Timer0_for_UART) refers to uart_api.o(.data) for zeitdauer
    glcd_lpc1700.o(i.GLCD_Bargraph) refers to glcd_lpc1700.o(i.wr_reg) for wr_reg
    glcd_lpc1700.o(i.GLCD_Bargraph) refers to glcd_lpc1700.o(i.wr_cmd) for wr_cmd
    glcd_lpc1700.o(i.GLCD_Bargraph) refers to glcd_lpc1700.o(i.wr_dat_start) for wr_dat_start
    glcd_lpc1700.o(i.GLCD_Bargraph) refers to glcd_lpc1700.o(i.wr_dat_only) for wr_dat_only
    glcd_lpc1700.o(i.GLCD_Bargraph) refers to glcd_lpc1700.o(i.wr_dat_stop) for wr_dat_stop
    glcd_lpc1700.o(i.GLCD_Bargraph) refers to glcd_lpc1700.o(.data) for driverCode
    glcd_lpc1700.o(i.GLCD_Bitmap) refers to glcd_lpc1700.o(i.wr_reg) for wr_reg
    glcd_lpc1700.o(i.GLCD_Bitmap) refers to glcd_lpc1700.o(i.wr_cmd) for wr_cmd
    glcd_lpc1700.o(i.GLCD_Bitmap) refers to glcd_lpc1700.o(i.wr_dat_start) for wr_dat_start
    glcd_lpc1700.o(i.GLCD_Bitmap) refers to glcd_lpc1700.o(i.wr_dat_only) for wr_dat_only
    glcd_lpc1700.o(i.GLCD_Bitmap) refers to glcd_lpc1700.o(i.wr_dat_stop) for wr_dat_stop
    glcd_lpc1700.o(i.GLCD_Bitmap) refers to glcd_lpc1700.o(.data) for driverCode
    glcd_lpc1700.o(i.GLCD_Bmp) refers to glcd_lpc1700.o(i.wr_reg) for wr_reg
    glcd_lpc1700.o(i.GLCD_Bmp) refers to glcd_lpc1700.o(i.wr_cmd) for wr_cmd
    glcd_lpc1700.o(i.GLCD_Bmp) refers to glcd_lpc1700.o(i.wr_dat_start) for wr_dat_start
    glcd_lpc1700.o(i.GLCD_Bmp) refers to glcd_lpc1700.o(i.wr_dat_only) for wr_dat_only
    glcd_lpc1700.o(i.GLCD_Bmp) refers to glcd_lpc1700.o(i.wr_dat_stop) for wr_dat_stop
    glcd_lpc1700.o(i.GLCD_Bmp) refers to glcd_lpc1700.o(.data) for driverCode
    glcd_lpc1700.o(i.GLCD_Clear) refers to glcd_lpc1700.o(i.GLCD_WindowMax) for GLCD_WindowMax
    glcd_lpc1700.o(i.GLCD_Clear) refers to glcd_lpc1700.o(i.wr_reg) for wr_reg
    glcd_lpc1700.o(i.GLCD_Clear) refers to glcd_lpc1700.o(i.wr_cmd) for wr_cmd
    glcd_lpc1700.o(i.GLCD_Clear) refers to glcd_lpc1700.o(i.wr_dat_start) for wr_dat_start
    glcd_lpc1700.o(i.GLCD_Clear) refers to glcd_lpc1700.o(i.wr_dat_only) for wr_dat_only
    glcd_lpc1700.o(i.GLCD_Clear) refers to glcd_lpc1700.o(i.wr_dat_stop) for wr_dat_stop
    glcd_lpc1700.o(i.GLCD_Clear) refers to glcd_lpc1700.o(.data) for driverCode
    glcd_lpc1700.o(i.GLCD_ClearLn) refers to glcd_lpc1700.o(i.GLCD_WindowMax) for GLCD_WindowMax
    glcd_lpc1700.o(i.GLCD_ClearLn) refers to glcd_lpc1700.o(i.GLCD_DisplayString) for GLCD_DisplayString
    glcd_lpc1700.o(i.GLCD_DisplayChar) refers to glcd_lpc1700.o(i.GLCD_DrawChar) for GLCD_DrawChar
    glcd_lpc1700.o(i.GLCD_DisplayChar) refers to glcd_lpc1700.o(.constdata) for Font_24x16
    glcd_lpc1700.o(i.GLCD_DisplayString) refers to glcd_lpc1700.o(i.GLCD_WindowMax) for GLCD_WindowMax
    glcd_lpc1700.o(i.GLCD_DisplayString) refers to glcd_lpc1700.o(i.GLCD_DisplayChar) for GLCD_DisplayChar
    glcd_lpc1700.o(i.GLCD_DrawChar) refers to glcd_lpc1700.o(i.wr_reg) for wr_reg
    glcd_lpc1700.o(i.GLCD_DrawChar) refers to glcd_lpc1700.o(i.wr_cmd) for wr_cmd
    glcd_lpc1700.o(i.GLCD_DrawChar) refers to glcd_lpc1700.o(i.wr_dat_start) for wr_dat_start
    glcd_lpc1700.o(i.GLCD_DrawChar) refers to glcd_lpc1700.o(i.wr_dat_only) for wr_dat_only
    glcd_lpc1700.o(i.GLCD_DrawChar) refers to glcd_lpc1700.o(i.wr_dat_stop) for wr_dat_stop
    glcd_lpc1700.o(i.GLCD_DrawChar) refers to glcd_lpc1700.o(.data) for driverCode
    glcd_lpc1700.o(i.GLCD_Init) refers to glcd_lpc1700.o(i.delay) for delay
    glcd_lpc1700.o(i.GLCD_Init) refers to glcd_lpc1700.o(i.rd_reg) for rd_reg
    glcd_lpc1700.o(i.GLCD_Init) refers to glcd_lpc1700.o(i.wr_reg) for wr_reg
    glcd_lpc1700.o(i.GLCD_Init) refers to glcd_lpc1700.o(.data) for driverCode
    glcd_lpc1700.o(i.GLCD_PutPixel) refers to glcd_lpc1700.o(i.wr_reg) for wr_reg
    glcd_lpc1700.o(i.GLCD_PutPixel) refers to glcd_lpc1700.o(i.wr_cmd) for wr_cmd
    glcd_lpc1700.o(i.GLCD_PutPixel) refers to glcd_lpc1700.o(i.wr_dat) for wr_dat
    glcd_lpc1700.o(i.GLCD_PutPixel) refers to glcd_lpc1700.o(.data) for driverCode
    glcd_lpc1700.o(i.GLCD_SetBackColor) refers to glcd_lpc1700.o(.data) for BackColor
    glcd_lpc1700.o(i.GLCD_SetTextColor) refers to glcd_lpc1700.o(.data) for TextColor
    glcd_lpc1700.o(i.GLCD_WindowMax) refers to glcd_lpc1700.o(i.wr_reg) for wr_reg
    glcd_lpc1700.o(i.GLCD_WindowMax) refers to glcd_lpc1700.o(.data) for driverCode
    glcd_lpc1700.o(i.rd_dat) refers to glcd_lpc1700.o(i.wait_delay) for wait_delay
    glcd_lpc1700.o(i.rd_reg) refers to glcd_lpc1700.o(i.wr_cmd) for wr_cmd
    glcd_lpc1700.o(i.rd_reg) refers to glcd_lpc1700.o(i.rd_dat) for rd_dat
    glcd_lpc1700.o(i.wr_cmd) refers to glcd_lpc1700.o(i.lcd_send) for lcd_send
    glcd_lpc1700.o(i.wr_cmd) refers to glcd_lpc1700.o(.emb_text) for wait
    glcd_lpc1700.o(i.wr_dat) refers to glcd_lpc1700.o(i.lcd_send) for lcd_send
    glcd_lpc1700.o(i.wr_dat) refers to glcd_lpc1700.o(.emb_text) for wait
    glcd_lpc1700.o(i.wr_dat_only) refers to glcd_lpc1700.o(i.lcd_send) for lcd_send
    glcd_lpc1700.o(i.wr_dat_only) refers to glcd_lpc1700.o(.emb_text) for wait
    glcd_lpc1700.o(i.wr_reg) refers to glcd_lpc1700.o(i.wr_cmd) for wr_cmd
    glcd_lpc1700.o(i.wr_reg) refers to glcd_lpc1700.o(i.wr_dat) for wr_dat
    startup_lpc17xx.o(STACK) refers (Special) to heapauxi.o(.text) for __use_two_region_memory
    startup_lpc17xx.o(HEAP) refers (Special) to heapauxi.o(.text) for __use_two_region_memory
    startup_lpc17xx.o(RESET) refers (Special) to heapauxi.o(.text) for __use_two_region_memory
    startup_lpc17xx.o(RESET) refers to startup_lpc17xx.o(STACK) for __initial_sp
    startup_lpc17xx.o(RESET) refers to startup_lpc17xx.o(.text) for Reset_Handler
    startup_lpc17xx.o(RESET) refers to uart_api.o(i.SysTick_Handler) for SysTick_Handler
    startup_lpc17xx.o(RESET) refers to uart_api.o(i.TIMER0_IRQHandler) for TIMER0_IRQHandler
    startup_lpc17xx.o(RESET) refers to uart_api.o(i.TIMER2_IRQHandler) for TIMER2_IRQHandler
    startup_lpc17xx.o(RESET) refers to uart_api.o(i.UART0_IRQHandler) for UART0_IRQHandler
    startup_lpc17xx.o(RESET) refers to uart_api.o(i.UART1_IRQHandler) for UART1_IRQHandler
    startup_lpc17xx.o(RESET) refers to uart_api.o(i.UART2_IRQHandler) for UART2_IRQHandler
    startup_lpc17xx.o(RESET) refers to uart_api.o(i.UART3_IRQHandler) for UART3_IRQHandler
    startup_lpc17xx.o(.ARM.__at_0x02FC) refers (Special) to heapauxi.o(.text) for __use_two_region_memory
    startup_lpc17xx.o(.text) refers (Special) to heapauxi.o(.text) for __use_two_region_memory
    startup_lpc17xx.o(.text) refers to system_lpc17xx.o(i.SystemInit) for SystemInit
    startup_lpc17xx.o(.text) refers to __main.o(!!!main) for __main
    startup_lpc17xx.o(.text) refers to startup_lpc17xx.o(HEAP) for Heap_Mem
    startup_lpc17xx.o(.text) refers to startup_lpc17xx.o(STACK) for Stack_Mem
    system_lpc17xx.o(i.SystemCoreClockUpdate) refers to lludivv7m.o(.text) for __aeabi_uldivmod
    system_lpc17xx.o(i.SystemCoreClockUpdate) refers to system_lpc17xx.o(.data) for SystemCoreClock
    __main.o(!!!main) refers to __rtentry.o(.ARM.Collect$$rtentry$$00000000) for __rt_entry
    __rtentry.o(.ARM.Collect$$rtentry$$00000000) refers (Special) to __rtentry2.o(.ARM.Collect$$rtentry$$0000000A) for __rt_entry_li
    __rtentry.o(.ARM.Collect$$rtentry$$00000000) refers (Special) to __rtentry2.o(.ARM.Collect$$rtentry$$0000000D) for __rt_entry_main
    __rtentry.o(.ARM.Collect$$rtentry$$00000000) refers (Special) to __rtentry2.o(.ARM.Collect$$rtentry$$0000000C) for __rt_entry_postli_1
    __rtentry.o(.ARM.Collect$$rtentry$$00000000) refers (Special) to __rtentry2.o(.ARM.Collect$$rtentry$$00000009) for __rt_entry_postsh_1
    __rtentry.o(.ARM.Collect$$rtentry$$00000000) refers (Special) to __rtentry2.o(.ARM.Collect$$rtentry$$00000002) for __rt_entry_presh_1
    __rtentry.o(.ARM.Collect$$rtentry$$00000000) refers (Special) to __rtentry4.o(.ARM.Collect$$rtentry$$00000004) for __rt_entry_sh
    aeabi_ldiv0_sigfpe.o(.text) refers to rt_div0.o(.text) for __rt_div0
    __rtentry2.o(.ARM.Collect$$rtentry$$00000008) refers to boardinit2.o(.text) for _platform_post_stackheap_init
    __rtentry2.o(.ARM.Collect$$rtentry$$0000000A) refers to libinit.o(.ARM.Collect$$libinit$$00000000) for __rt_lib_init
    __rtentry2.o(.ARM.Collect$$rtentry$$0000000B) refers to boardinit3.o(.text) for _platform_post_lib_init
    __rtentry2.o(.ARM.Collect$$rtentry$$0000000D) refers to uart_main.o(i.main) for main
    __rtentry2.o(.ARM.Collect$$rtentry$$0000000D) refers to exit.o(.text) for exit
    __rtentry2.o(.ARM.exidx) refers to __rtentry2.o(.ARM.Collect$$rtentry$$00000001) for .ARM.Collect$$rtentry$$00000001
    __rtentry2.o(.ARM.exidx) refers to __rtentry2.o(.ARM.Collect$$rtentry$$00000008) for .ARM.Collect$$rtentry$$00000008
    __rtentry2.o(.ARM.exidx) refers to __rtentry2.o(.ARM.Collect$$rtentry$$0000000A) for .ARM.Collect$$rtentry$$0000000A
    __rtentry2.o(.ARM.exidx) refers to __rtentry2.o(.ARM.Collect$$rtentry$$0000000B) for .ARM.Collect$$rtentry$$0000000B
    __rtentry2.o(.ARM.exidx) refers to __rtentry2.o(.ARM.Collect$$rtentry$$0000000D) for .ARM.Collect$$rtentry$$0000000D
    __rtentry4.o(.ARM.Collect$$rtentry$$00000004) refers to sys_stackheap_outer.o(.text) for __user_setup_stackheap
    __rtentry4.o(.ARM.exidx) refers to __rtentry4.o(.ARM.Collect$$rtentry$$00000004) for .ARM.Collect$$rtentry$$00000004
    rt_div0.o(.text) refers to defsig_fpe_outer.o(.text) for __rt_SIGFPE
    sys_stackheap_outer.o(.text) refers to libspace.o(.text) for __user_perproc_libspace
    sys_stackheap_outer.o(.text) refers to startup_lpc17xx.o(.text) for __user_initial_stackheap
    exit.o(.text) refers to rtexit.o(.ARM.Collect$$rtexit$$00000000) for __rt_exit
    defsig_fpe_outer.o(.text) refers to defsig_fpe_inner.o(.text) for __rt_SIGFPE_inner
    defsig_fpe_outer.o(.text) refers to defsig_exit.o(.text) for __sig_exit
    defsig_fpe_formal.o(.text) refers to rt_raise.o(.text) for __rt_raise
    libinit.o(.ARM.Collect$$libinit$$00000000) refers (Special) to libinit2.o(.ARM.Collect$$libinit$$0000002E) for __rt_lib_init_alloca_1
    libinit.o(.ARM.Collect$$libinit$$00000000) refers (Special) to libinit2.o(.ARM.Collect$$libinit$$0000002C) for __rt_lib_init_argv_1
    libinit.o(.ARM.Collect$$libinit$$00000000) refers (Special) to libinit2.o(.ARM.Collect$$libinit$$0000001B) for __rt_lib_init_atexit_1
    libinit.o(.ARM.Collect$$libinit$$00000000) refers (Special) to libinit2.o(.ARM.Collect$$libinit$$00000021) for __rt_lib_init_clock_1
    libinit.o(.ARM.Collect$$libinit$$00000000) refers (Special) to libinit2.o(.ARM.Collect$$libinit$$00000032) for __rt_lib_init_cpp_1
    libinit.o(.ARM.Collect$$libinit$$00000000) refers (Special) to libinit2.o(.ARM.Collect$$libinit$$00000030) for __rt_lib_init_exceptions_1
    libinit.o(.ARM.Collect$$libinit$$00000000) refers (Special) to libinit2.o(.ARM.Collect$$libinit$$00000002) for __rt_lib_init_fp_1
    libinit.o(.ARM.Collect$$libinit$$00000000) refers (Special) to libinit2.o(.ARM.Collect$$libinit$$0000001F) for __rt_lib_init_fp_trap_1
    libinit.o(.ARM.Collect$$libinit$$00000000) refers (Special) to libinit2.o(.ARM.Collect$$libinit$$00000023) for __rt_lib_init_getenv_1
    libinit.o(.ARM.Collect$$libinit$$00000000) refers (Special) to libinit2.o(.ARM.Collect$$libinit$$0000000A) for __rt_lib_init_heap_1
    libinit.o(.ARM.Collect$$libinit$$00000000) refers (Special) to libinit2.o(.ARM.Collect$$libinit$$00000011) for __rt_lib_init_lc_collate_1
    libinit.o(.ARM.Collect$$libinit$$00000000) refers (Special) to libinit2.o(.ARM.Collect$$libinit$$00000013) for __rt_lib_init_lc_ctype_1
    libinit.o(.ARM.Collect$$libinit$$00000000) refers (Special) to libinit2.o(.ARM.Collect$$libinit$$00000015) for __rt_lib_init_lc_monetary_1
    libinit.o(.ARM.Collect$$libinit$$00000000) refers (Special) to libinit2.o(.ARM.Collect$$libinit$$00000017) for __rt_lib_init_lc_numeric_1
    libinit.o(.ARM.Collect$$libinit$$00000000) refers (Special) to libinit2.o(.ARM.Collect$$libinit$$00000019) for __rt_lib_init_lc_time_1
    libinit.o(.ARM.Collect$$libinit$$00000000) refers (Special) to libinit2.o(.ARM.Collect$$libinit$$00000004) for __rt_lib_init_preinit_1
    libinit.o(.ARM.Collect$$libinit$$00000000) refers (Special) to libinit2.o(.ARM.Collect$$libinit$$0000000E) for __rt_lib_init_rand_1
    libinit.o(.ARM.Collect$$libinit$$00000000) refers (Special) to libinit2.o(.ARM.Collect$$libinit$$00000033) for __rt_lib_init_return
    libinit.o(.ARM.Collect$$libinit$$00000000) refers (Special) to libinit2.o(.ARM.Collect$$libinit$$0000001D) for __rt_lib_init_signal_1
    libinit.o(.ARM.Collect$$libinit$$00000000) refers (Special) to libinit2.o(.ARM.Collect$$libinit$$00000025) for __rt_lib_init_stdio_1
    libinit.o(.ARM.Collect$$libinit$$00000000) refers (Special) to libinit2.o(.ARM.Collect$$libinit$$0000000C) for __rt_lib_init_user_alloc_1
    libspace.o(.text) refers to libspace.o(.bss) for __libspace_start
    rtexit.o(.ARM.Collect$$rtexit$$00000000) refers (Special) to rtexit2.o(.ARM.Collect$$rtexit$$00000004) for __rt_exit_exit
    rtexit.o(.ARM.Collect$$rtexit$$00000000) refers (Special) to rtexit2.o(.ARM.Collect$$rtexit$$00000003) for __rt_exit_ls
    rtexit.o(.ARM.Collect$$rtexit$$00000000) refers (Special) to rtexit2.o(.ARM.Collect$$rtexit$$00000002) for __rt_exit_prels_1
    rtexit.o(.ARM.exidx) refers (Special) to rtexit2.o(.ARM.Collect$$rtexit$$00000004) for __rt_exit_exit
    rtexit.o(.ARM.exidx) refers (Special) to rtexit2.o(.ARM.Collect$$rtexit$$00000003) for __rt_exit_ls
    rtexit.o(.ARM.exidx) refers (Special) to rtexit2.o(.ARM.Collect$$rtexit$$00000002) for __rt_exit_prels_1
    rtexit.o(.ARM.exidx) refers to rtexit.o(.ARM.Collect$$rtexit$$00000000) for .ARM.Collect$$rtexit$$00000000
    rt_raise.o(.text) refers to __raise.o(.text) for __raise
    rt_raise.o(.text) refers to sys_exit.o(.text) for _sys_exit
    defsig_exit.o(.text) refers to sys_exit.o(.text) for _sys_exit
    defsig_fpe_inner.o(.text) refers to defsig_general.o(.text) for __default_signal_display
    libinit2.o(.ARM.Collect$$libinit$$00000010) refers to libinit2.o(.ARM.Collect$$libinit$$0000000F) for .ARM.Collect$$libinit$$0000000F
    libinit2.o(.ARM.Collect$$libinit$$00000012) refers to libinit2.o(.ARM.Collect$$libinit$$0000000F) for .ARM.Collect$$libinit$$0000000F
    libinit2.o(.ARM.Collect$$libinit$$00000014) refers to libinit2.o(.ARM.Collect$$libinit$$0000000F) for .ARM.Collect$$libinit$$0000000F
    libinit2.o(.ARM.Collect$$libinit$$00000016) refers to libinit2.o(.ARM.Collect$$libinit$$0000000F) for .ARM.Collect$$libinit$$0000000F
    libinit2.o(.ARM.Collect$$libinit$$00000018) refers to libinit2.o(.ARM.Collect$$libinit$$0000000F) for .ARM.Collect$$libinit$$0000000F
    libinit2.o(.ARM.Collect$$libinit$$00000026) refers to argv_veneer.o(.emb_text) for __ARM_argv_veneer
    libinit2.o(.ARM.Collect$$libinit$$00000027) refers to argv_veneer.o(.emb_text) for __ARM_argv_veneer
    sys_exit.o(.text) refers (Special) to use_no_semi.o(.text) for __I$use$semihosting
    sys_exit.o(.text) refers (Special) to indicate_semi.o(.text) for __semihosting_library_function
    rtexit2.o(.ARM.Collect$$rtexit$$00000003) refers to libshutdown.o(.ARM.Collect$$libshutdown$$00000000) for __rt_lib_shutdown
    rtexit2.o(.ARM.Collect$$rtexit$$00000004) refers to sys_exit.o(.text) for _sys_exit
    rtexit2.o(.ARM.exidx) refers to rtexit2.o(.ARM.Collect$$rtexit$$00000001) for .ARM.Collect$$rtexit$$00000001
    rtexit2.o(.ARM.exidx) refers to rtexit2.o(.ARM.Collect$$rtexit$$00000003) for .ARM.Collect$$rtexit$$00000003
    rtexit2.o(.ARM.exidx) refers to rtexit2.o(.ARM.Collect$$rtexit$$00000004) for .ARM.Collect$$rtexit$$00000004
    __raise.o(.text) refers to defsig.o(CL$$defsig) for __default_signal_handler
    defsig_general.o(.text) refers to sys_wrch.o(.text) for _ttywrch
    argv_veneer.o(.emb_text) refers to no_argv.o(.text) for __ARM_get_argv
    sys_wrch.o(.text) refers (Special) to use_no_semi.o(.text) for __I$use$semihosting
    sys_wrch.o(.text) refers (Special) to indicate_semi.o(.text) for __semihosting_library_function
    defsig.o(CL$$defsig) refers to defsig_fpe_inner.o(.text) for __rt_SIGFPE_inner
    defsig.o(CL$$defsig) refers to defsig_rtmem_inner.o(.text) for __rt_SIGRTMEM_inner
    _get_argv_nomalloc.o(.text) refers (Special) to hrguard.o(.text) for __heap_region$guard
    _get_argv_nomalloc.o(.text) refers to defsig_rtmem_outer.o(.text) for __rt_SIGRTMEM
    _get_argv_nomalloc.o(.text) refers to sys_command.o(.text) for _sys_command_string
    libshutdown.o(.ARM.Collect$$libshutdown$$00000000) refers (Special) to libshutdown2.o(.ARM.Collect$$libshutdown$$00000004) for __rt_lib_shutdown_cpp_1
    libshutdown.o(.ARM.Collect$$libshutdown$$00000000) refers (Special) to libshutdown2.o(.ARM.Collect$$libshutdown$$00000002) for __rt_lib_shutdown_fini_1
    libshutdown.o(.ARM.Collect$$libshutdown$$00000000) refers (Special) to libshutdown2.o(.ARM.Collect$$libshutdown$$00000009) for __rt_lib_shutdown_fp_trap_1
    libshutdown.o(.ARM.Collect$$libshutdown$$00000000) refers (Special) to libshutdown2.o(.ARM.Collect$$libshutdown$$00000011) for __rt_lib_shutdown_heap_1
    libshutdown.o(.ARM.Collect$$libshutdown$$00000000) refers (Special) to libshutdown2.o(.ARM.Collect$$libshutdown$$00000012) for __rt_lib_shutdown_return
    libshutdown.o(.ARM.Collect$$libshutdown$$00000000) refers (Special) to libshutdown2.o(.ARM.Collect$$libshutdown$$0000000C) for __rt_lib_shutdown_signal_1
    libshutdown.o(.ARM.Collect$$libshutdown$$00000000) refers (Special) to libshutdown2.o(.ARM.Collect$$libshutdown$$00000006) for __rt_lib_shutdown_stdio_1
    libshutdown.o(.ARM.Collect$$libshutdown$$00000000) refers (Special) to libshutdown2.o(.ARM.Collect$$libshutdown$$0000000E) for __rt_lib_shutdown_user_alloc_1
    sys_command.o(.text) refers (Special) to use_no_semi.o(.text) for __I$use$semihosting
    sys_command.o(.text) refers (Special) to indicate_semi.o(.text) for __semihosting_library_function
    defsig_abrt_inner.o(.text) refers to defsig_general.o(.text) for __default_signal_display
    defsig_rtred_inner.o(.text) refers to defsig_general.o(.text) for __default_signal_display
    defsig_rtmem_inner.o(.text) refers to defsig_general.o(.text) for __default_signal_display
    defsig_rtmem_outer.o(.text) refers to defsig_rtmem_inner.o(.text) for __rt_SIGRTMEM_inner
    defsig_rtmem_outer.o(.text) refers to defsig_exit.o(.text) for __sig_exit
    defsig_rtmem_formal.o(.text) refers to rt_raise.o(.text) for __rt_raise
    defsig_stak_inner.o(.text) refers to defsig_general.o(.text) for __default_signal_display
    defsig_pvfn_inner.o(.text) refers to defsig_general.o(.text) for __default_signal_display
    defsig_cppl_inner.o(.text) refers to defsig_general.o(.text) for __default_signal_display
    defsig_segv_inner.o(.text) refers to defsig_general.o(.text) for __default_signal_display
    defsig_other.o(.text) refers to defsig_general.o(.text) for __default_signal_display


==============================================================================

Removing Unused input sections from the image.

    Removing uart_main.o(.rev16_text), (4 bytes).
    Removing uart_main.o(.revsh_text), (4 bytes).
    Removing uart_main.o(.rrx_text), (6 bytes).
    Removing uart_api.o(.rev16_text), (4 bytes).
    Removing uart_api.o(.revsh_text), (4 bytes).
    Removing uart_api.o(.rrx_text), (6 bytes).
    Removing glcd_lpc1700.o(.rev16_text), (4 bytes).
    Removing glcd_lpc1700.o(.revsh_text), (4 bytes).
    Removing glcd_lpc1700.o(.rrx_text), (6 bytes).
    Removing glcd_lpc1700.o(i.GLCD_Bargraph), (264 bytes).
    Removing glcd_lpc1700.o(i.GLCD_Bitmap), (236 bytes).
    Removing glcd_lpc1700.o(i.GLCD_Bmp), (236 bytes).
    Removing glcd_lpc1700.o(i.GLCD_PutPixel), (108 bytes).
    Removing system_lpc17xx.o(.rev16_text), (4 bytes).
    Removing system_lpc17xx.o(.revsh_text), (4 bytes).
    Removing system_lpc17xx.o(.rrx_text), (6 bytes).
    Removing system_lpc17xx.o(i.SystemCoreClockUpdate), (424 bytes).
    Removing system_lpc17xx.o(.data), (4 bytes).

18 unused section(s) (total 1328 bytes) removed from the image.

==============================================================================

Image Symbol Table

    Local Symbols

    Symbol Name                              Value     Ov Type        Size  Object(Section)

    RESET                                    0x00000000   Section      204  startup_lpc17xx.o(RESET)
    ../clib/angel/boardlib.s                 0x00000000   Number         0  boardshut.o ABSOLUTE
    ../clib/angel/boardlib.s                 0x00000000   Number         0  boardinit1.o ABSOLUTE
    ../clib/angel/boardlib.s                 0x00000000   Number         0  boardinit3.o ABSOLUTE
    ../clib/angel/boardlib.s                 0x00000000   Number         0  boardinit2.o ABSOLUTE
    ../clib/angel/handlers.s                 0x00000000   Number         0  __scatter_copy.o ABSOLUTE
    ../clib/angel/handlers.s                 0x00000000   Number         0  __scatter_zi.o ABSOLUTE
    ../clib/angel/kernel.s                   0x00000000   Number         0  __rtentry2.o ABSOLUTE
    ../clib/angel/kernel.s                   0x00000000   Number         0  __rtentry4.o ABSOLUTE
    ../clib/angel/kernel.s                   0x00000000   Number         0  __rtentry.o ABSOLUTE
    ../clib/angel/kernel.s                   0x00000000   Number         0  rtexit2.o ABSOLUTE
    ../clib/angel/kernel.s                   0x00000000   Number         0  rtexit.o ABSOLUTE
    ../clib/angel/rt.s                       0x00000000   Number         0  aeabi_ldiv0_sigfpe.o ABSOLUTE
    ../clib/angel/rt.s                       0x00000000   Number         0  aeabi_ldiv0.o ABSOLUTE
    ../clib/angel/rt.s                       0x00000000   Number         0  rt_div0.o ABSOLUTE
    ../clib/angel/rt.s                       0x00000000   Number         0  rt_raise.o ABSOLUTE
    ../clib/angel/scatter.s                  0x00000000   Number         0  __scatter.o ABSOLUTE
    ../clib/angel/startup.s                  0x00000000   Number         0  __main.o ABSOLUTE
    ../clib/angel/sys.s                      0x00000000   Number         0  use_no_semi.o ABSOLUTE
    ../clib/angel/sys.s                      0x00000000   Number         0  sys_stackheap_outer.o ABSOLUTE
    ../clib/angel/sys.s                      0x00000000   Number         0  indicate_semi.o ABSOLUTE
    ../clib/angel/sys.s                      0x00000000   Number         0  libspace.o ABSOLUTE
    ../clib/angel/sysapp.c                   0x00000000   Number         0  sys_wrch.o ABSOLUTE
    ../clib/angel/sysapp.c                   0x00000000   Number         0  sys_exit.o ABSOLUTE
    ../clib/angel/sysapp.c                   0x00000000   Number         0  sys_command.o ABSOLUTE
    ../clib/armsys.c                         0x00000000   Number         0  argv_veneer.o ABSOLUTE
    ../clib/armsys.c                         0x00000000   Number         0  no_argv.o ABSOLUTE
    ../clib/armsys.c                         0x00000000   Number         0  _get_argv_nomalloc.o ABSOLUTE
    ../clib/armsys.c                         0x00000000   Number         0  argv_veneer.o ABSOLUTE
    ../clib/heapalloc.c                      0x00000000   Number         0  hrguard.o ABSOLUTE
    ../clib/heapaux.c                        0x00000000   Number         0  heapauxi.o ABSOLUTE
    ../clib/libinit.s                        0x00000000   Number         0  libshutdown2.o ABSOLUTE
    ../clib/libinit.s                        0x00000000   Number         0  libinit.o ABSOLUTE
    ../clib/libinit.s                        0x00000000   Number         0  libinit2.o ABSOLUTE
    ../clib/libinit.s                        0x00000000   Number         0  libshutdown.o ABSOLUTE
    ../clib/longlong.s                       0x00000000   Number         0  lludivv7m.o ABSOLUTE
    ../clib/signal.c                         0x00000000   Number         0  defsig_stak_inner.o ABSOLUTE
    ../clib/signal.c                         0x00000000   Number         0  defsig_fpe_formal.o ABSOLUTE
    ../clib/signal.c                         0x00000000   Number         0  defsig_segv_inner.o ABSOLUTE
    ../clib/signal.c                         0x00000000   Number         0  defsig_rtred_inner.o ABSOLUTE
    ../clib/signal.c                         0x00000000   Number         0  defsig_other.o ABSOLUTE
    ../clib/signal.c                         0x00000000   Number         0  defsig_exit.o ABSOLUTE
    ../clib/signal.c                         0x00000000   Number         0  defsig_general.o ABSOLUTE
    ../clib/signal.c                         0x00000000   Number         0  defsig_pvfn_inner.o ABSOLUTE
    ../clib/signal.c                         0x00000000   Number         0  defsig_rtmem_formal.o ABSOLUTE
    ../clib/signal.c                         0x00000000   Number         0  defsig_rtmem_outer.o ABSOLUTE
    ../clib/signal.c                         0x00000000   Number         0  defsig_rtmem_inner.o ABSOLUTE
    ../clib/signal.c                         0x00000000   Number         0  __raise.o ABSOLUTE
    ../clib/signal.c                         0x00000000   Number         0  defsig_fpe_inner.o ABSOLUTE
    ../clib/signal.c                         0x00000000   Number         0  defsig_cppl_inner.o ABSOLUTE
    ../clib/signal.c                         0x00000000   Number         0  defsig_fpe_outer.o ABSOLUTE
    ../clib/signal.c                         0x00000000   Number         0  defsig_abrt_inner.o ABSOLUTE
    ../clib/signal.s                         0x00000000   Number         0  defsig.o ABSOLUTE
    ../clib/stdlib.c                         0x00000000   Number         0  exit.o ABSOLUTE
    ../fplib/fpinit.s                        0x00000000   Number         0  fpinit.o ABSOLUTE
    GLCD_LPC1700.c                           0x00000000   Number         0  glcd_lpc1700.o ABSOLUTE
    GLCD_LPC1700.c                           0x00000000   Number         0  glcd_lpc1700.o ABSOLUTE
    RTE\Device\LPC1768\startup_LPC17xx.s     0x00000000   Number         0  startup_lpc17xx.o ABSOLUTE
    RTE\Device\LPC1768\system_LPC17xx.c      0x00000000   Number         0  system_lpc17xx.o ABSOLUTE
    RTE\\Device\\LPC1768\\system_LPC17xx.c   0x00000000   Number         0  system_lpc17xx.o ABSOLUTE
    UART_GetChar.s                           0x00000000   Number         0  uart_getchar.o ABSOLUTE
    UART_Main.c                              0x00000000   Number         0  uart_main.o ABSOLUTE
    UART_Main.c                              0x00000000   Number         0  uart_main.o ABSOLUTE
    UART_PutChar.s                           0x00000000   Number         0  uart_putchar.o ABSOLUTE
    UART_api.c                               0x00000000   Number         0  uart_api.o ABSOLUTE
    UART_api.c                               0x00000000   Number         0  uart_api.o ABSOLUTE
    UART_init.s                              0x00000000   Number         0  uart_init.o ABSOLUTE
    dc.s                                     0x00000000   Number         0  dc.o ABSOLUTE
    !!!main                                  0x000000cc   Section        8  __main.o(!!!main)
    !!!scatter                               0x000000d4   Section       52  __scatter.o(!!!scatter)
    !!handler_copy                           0x00000108   Section       26  __scatter_copy.o(!!handler_copy)
    !!handler_zi                             0x00000124   Section       28  __scatter_zi.o(!!handler_zi)
    .ARM.Collect$$libinit$$00000000          0x00000140   Section        2  libinit.o(.ARM.Collect$$libinit$$00000000)
    .ARM.Collect$$libinit$$00000002          0x00000142   Section        0  libinit2.o(.ARM.Collect$$libinit$$00000002)
    .ARM.Collect$$libinit$$00000004          0x00000142   Section        0  libinit2.o(.ARM.Collect$$libinit$$00000004)
    .ARM.Collect$$libinit$$0000000A          0x00000142   Section        0  libinit2.o(.ARM.Collect$$libinit$$0000000A)
    .ARM.Collect$$libinit$$0000000C          0x00000142   Section        0  libinit2.o(.ARM.Collect$$libinit$$0000000C)
    .ARM.Collect$$libinit$$0000000E          0x00000142   Section        0  libinit2.o(.ARM.Collect$$libinit$$0000000E)
    .ARM.Collect$$libinit$$00000011          0x00000142   Section        0  libinit2.o(.ARM.Collect$$libinit$$00000011)
    .ARM.Collect$$libinit$$00000013          0x00000142   Section        0  libinit2.o(.ARM.Collect$$libinit$$00000013)
    .ARM.Collect$$libinit$$00000015          0x00000142   Section        0  libinit2.o(.ARM.Collect$$libinit$$00000015)
    .ARM.Collect$$libinit$$00000017          0x00000142   Section        0  libinit2.o(.ARM.Collect$$libinit$$00000017)
    .ARM.Collect$$libinit$$00000019          0x00000142   Section        0  libinit2.o(.ARM.Collect$$libinit$$00000019)
    .ARM.Collect$$libinit$$0000001B          0x00000142   Section        0  libinit2.o(.ARM.Collect$$libinit$$0000001B)
    .ARM.Collect$$libinit$$0000001D          0x00000142   Section        0  libinit2.o(.ARM.Collect$$libinit$$0000001D)
    .ARM.Collect$$libinit$$0000001F          0x00000142   Section        0  libinit2.o(.ARM.Collect$$libinit$$0000001F)
    .ARM.Collect$$libinit$$00000021          0x00000142   Section        0  libinit2.o(.ARM.Collect$$libinit$$00000021)
    .ARM.Collect$$libinit$$00000023          0x00000142   Section        0  libinit2.o(.ARM.Collect$$libinit$$00000023)
    .ARM.Collect$$libinit$$00000025          0x00000142   Section        0  libinit2.o(.ARM.Collect$$libinit$$00000025)
    .ARM.Collect$$libinit$$0000002C          0x00000142   Section        0  libinit2.o(.ARM.Collect$$libinit$$0000002C)
    .ARM.Collect$$libinit$$0000002E          0x00000142   Section        0  libinit2.o(.ARM.Collect$$libinit$$0000002E)
    .ARM.Collect$$libinit$$00000030          0x00000142   Section        0  libinit2.o(.ARM.Collect$$libinit$$00000030)
    .ARM.Collect$$libinit$$00000032          0x00000142   Section        0  libinit2.o(.ARM.Collect$$libinit$$00000032)
    .ARM.Collect$$libinit$$00000033          0x00000142   Section        2  libinit2.o(.ARM.Collect$$libinit$$00000033)
    .ARM.Collect$$libshutdown$$00000000      0x00000144   Section        2  libshutdown.o(.ARM.Collect$$libshutdown$$00000000)
    .ARM.Collect$$libshutdown$$00000002      0x00000146   Section        0  libshutdown2.o(.ARM.Collect$$libshutdown$$00000002)
    .ARM.Collect$$libshutdown$$00000004      0x00000146   Section        0  libshutdown2.o(.ARM.Collect$$libshutdown$$00000004)
    .ARM.Collect$$libshutdown$$00000006      0x00000146   Section        0  libshutdown2.o(.ARM.Collect$$libshutdown$$00000006)
    .ARM.Collect$$libshutdown$$00000009      0x00000146   Section        0  libshutdown2.o(.ARM.Collect$$libshutdown$$00000009)
    .ARM.Collect$$libshutdown$$0000000C      0x00000146   Section        0  libshutdown2.o(.ARM.Collect$$libshutdown$$0000000C)
    .ARM.Collect$$libshutdown$$0000000E      0x00000146   Section        0  libshutdown2.o(.ARM.Collect$$libshutdown$$0000000E)
    .ARM.Collect$$libshutdown$$00000011      0x00000146   Section        0  libshutdown2.o(.ARM.Collect$$libshutdown$$00000011)
    .ARM.Collect$$libshutdown$$00000012      0x00000146   Section        2  libshutdown2.o(.ARM.Collect$$libshutdown$$00000012)
    .ARM.Collect$$rtentry$$00000000          0x00000148   Section        0  __rtentry.o(.ARM.Collect$$rtentry$$00000000)
    .ARM.Collect$$rtentry$$00000002          0x00000148   Section        0  __rtentry2.o(.ARM.Collect$$rtentry$$00000002)
    .ARM.Collect$$rtentry$$00000004          0x00000148   Section        6  __rtentry4.o(.ARM.Collect$$rtentry$$00000004)
    .ARM.Collect$$rtentry$$00000009          0x0000014e   Section        0  __rtentry2.o(.ARM.Collect$$rtentry$$00000009)
    .ARM.Collect$$rtentry$$0000000A          0x0000014e   Section        4  __rtentry2.o(.ARM.Collect$$rtentry$$0000000A)
    .ARM.Collect$$rtentry$$0000000C          0x00000152   Section        0  __rtentry2.o(.ARM.Collect$$rtentry$$0000000C)
    .ARM.Collect$$rtentry$$0000000D          0x00000152   Section        8  __rtentry2.o(.ARM.Collect$$rtentry$$0000000D)
    .ARM.Collect$$rtexit$$00000000           0x0000015a   Section        2  rtexit.o(.ARM.Collect$$rtexit$$00000000)
    .ARM.Collect$$rtexit$$00000002           0x0000015c   Section        0  rtexit2.o(.ARM.Collect$$rtexit$$00000002)
    .ARM.Collect$$rtexit$$00000003           0x0000015c   Section        4  rtexit2.o(.ARM.Collect$$rtexit$$00000003)
    .ARM.Collect$$rtexit$$00000004           0x00000160   Section        6  rtexit2.o(.ARM.Collect$$rtexit$$00000004)
    .emb_text                                0x00000168   Section        4  glcd_lpc1700.o(.emb_text)
    .text                                    0x0000016c   Section       60  startup_lpc17xx.o(.text)
    .text                                    0x000001a8   Section        0  heapauxi.o(.text)
    .text                                    0x000001ae   Section       74  sys_stackheap_outer.o(.text)
    .text                                    0x000001f8   Section        0  exit.o(.text)
    .text                                    0x0000020c   Section        8  libspace.o(.text)
    .text                                    0x00000214   Section        0  sys_exit.o(.text)
    .text                                    0x00000220   Section        2  use_no_semi.o(.text)
    .text                                    0x00000222   Section        0  indicate_semi.o(.text)
    Code1                                    0x00000230   Section       48  uart_putchar.o(Code1)
    Code1                                    0x00000260   Section       60  uart_getchar.o(Code1)
    i.GLCD_ClearLn                           0x0000029c   Section        0  glcd_lpc1700.o(i.GLCD_ClearLn)
    i.GLCD_DisplayChar                       0x000002c8   Section        0  glcd_lpc1700.o(i.GLCD_DisplayChar)
    .ARM.__at_0x02FC                         0x000002fc   Section        4  startup_lpc17xx.o(.ARM.__at_0x02FC)
    Code1                                    0x00000300   Section      180  uart_init.o(Code1)
    i.GLCD_Clear                             0x000003b4   Section        0  glcd_lpc1700.o(i.GLCD_Clear)
    i.GLCD_DisplayString                     0x0000041c   Section        0  glcd_lpc1700.o(i.GLCD_DisplayString)
    i.GLCD_DrawChar                          0x00000440   Section        0  glcd_lpc1700.o(i.GLCD_DrawChar)
    i.GLCD_Init                              0x00000538   Section        0  glcd_lpc1700.o(i.GLCD_Init)
    i.GLCD_SetBackColor                      0x00000d48   Section        0  glcd_lpc1700.o(i.GLCD_SetBackColor)
    i.GLCD_SetTextColor                      0x00000d54   Section        0  glcd_lpc1700.o(i.GLCD_SetTextColor)
    i.GLCD_WindowMax                         0x00000d60   Section        0  glcd_lpc1700.o(i.GLCD_WindowMax)
    i.Initialize_SysTick                     0x00000dbc   Section        0  uart_api.o(i.Initialize_SysTick)
    i.SysTick_Handler                        0x00000de4   Section        0  uart_api.o(i.SysTick_Handler)
    i.SystemInit                             0x00000e5c   Section        0  system_lpc17xx.o(i.SystemInit)
    i.TIMER0_IRQHandler                      0x00000f9c   Section        0  uart_api.o(i.TIMER0_IRQHandler)
    i.TIMER2_IRQHandler                      0x00001048   Section        0  uart_api.o(i.TIMER2_IRQHandler)
    i.UART0_IRQHandler                       0x000010b4   Section        0  uart_api.o(i.UART0_IRQHandler)
    i.UART1_IRQHandler                       0x000011e4   Section        0  uart_api.o(i.UART1_IRQHandler)
    i.UART2_IRQHandler                       0x00001318   Section        0  uart_api.o(i.UART2_IRQHandler)
    i.UART3_IRQHandler                       0x00001448   Section        0  uart_api.o(i.UART3_IRQHandler)
    i.UART_Start_Char_Transmit               0x00001580   Section        0  uart_api.o(i.UART_Start_Char_Transmit)
    i.__NVIC_EnableIRQ                       0x000016a8   Section        0  uart_api.o(i.__NVIC_EnableIRQ)
    __NVIC_EnableIRQ                         0x000016a9   Thumb Code    34  uart_api.o(i.__NVIC_EnableIRQ)
    i.__NVIC_SetPriority                     0x000016cc   Section        0  uart_api.o(i.__NVIC_SetPriority)
    __NVIC_SetPriority                       0x000016cd   Thumb Code    32  uart_api.o(i.__NVIC_SetPriority)
    i.delay                                  0x000016f4   Section        0  glcd_lpc1700.o(i.delay)
    delay                                    0x000016f5   Thumb Code    14  glcd_lpc1700.o(i.delay)
    i.init_NVIC                              0x00001702   Section        0  uart_api.o(i.init_NVIC)
    i.init_Timer0_for_UART                   0x00001730   Section        0  uart_api.o(i.init_Timer0_for_UART)
    i.init_Timer2                            0x00001764   Section        0  uart_api.o(i.init_Timer2)
    i.lcd_send                               0x000017b4   Section        0  glcd_lpc1700.o(i.lcd_send)
    lcd_send                                 0x000017b5   Thumb Code    44  glcd_lpc1700.o(i.lcd_send)
    i.main                                   0x000017e4   Section        0  uart_main.o(i.main)
    i.rd_dat                                 0x00001b3c   Section        0  glcd_lpc1700.o(i.rd_dat)
    rd_dat                                   0x00001b3d   Thumb Code    98  glcd_lpc1700.o(i.rd_dat)
    i.rd_reg                                 0x00001ba4   Section        0  glcd_lpc1700.o(i.rd_reg)
    rd_reg                                   0x00001ba5   Thumb Code    38  glcd_lpc1700.o(i.rd_reg)
    i.wait_delay                             0x00001bd0   Section        0  glcd_lpc1700.o(i.wait_delay)
    i.wr_cmd                                 0x00001bdc   Section        0  glcd_lpc1700.o(i.wr_cmd)
    wr_cmd                                   0x00001bdd   Thumb Code    44  glcd_lpc1700.o(i.wr_cmd)
    i.wr_dat                                 0x00001c0c   Section        0  glcd_lpc1700.o(i.wr_dat)
    wr_dat                                   0x00001c0d   Thumb Code    44  glcd_lpc1700.o(i.wr_dat)
    i.wr_dat_only                            0x00001c3c   Section        0  glcd_lpc1700.o(i.wr_dat_only)
    wr_dat_only                              0x00001c3d   Thumb Code    32  glcd_lpc1700.o(i.wr_dat_only)
    i.wr_dat_start                           0x00001c60   Section        0  glcd_lpc1700.o(i.wr_dat_start)
    wr_dat_start                             0x00001c61   Thumb Code    10  glcd_lpc1700.o(i.wr_dat_start)
    i.wr_dat_stop                            0x00001c70   Section        0  glcd_lpc1700.o(i.wr_dat_stop)
    wr_dat_stop                              0x00001c71   Thumb Code    10  glcd_lpc1700.o(i.wr_dat_stop)
    i.wr_reg                                 0x00001c80   Section        0  glcd_lpc1700.o(i.wr_reg)
    wr_reg                                   0x00001c81   Thumb Code    36  glcd_lpc1700.o(i.wr_reg)
    .constdata                               0x00001ca8   Section     5376  glcd_lpc1700.o(.constdata)
    .conststring                             0x000031a8   Section       64  uart_main.o(.conststring)
    .bss                                     0x10000000   Section     2000  uart_api.o(.bss)
    .data                                    0x2007c000   Section       60  uart_main.o(.data)
    .data                                    0x2007c03c   Section      156  uart_api.o(.data)
    .data                                    0x2007c0d8   Section        6  glcd_lpc1700.o(.data)
    TextColor                                0x2007c0d8   Data           2  glcd_lpc1700.o(.data)
    BackColor                                0x2007c0da   Data           2  glcd_lpc1700.o(.data)
    driverCode                               0x2007c0dc   Data           2  glcd_lpc1700.o(.data)
    .bss                                     0x2007c0e0   Section       21  uart_main.o(.bss)
    .bss                                     0x2007c0f8   Section       96  libspace.o(.bss)
    HEAP                                     0x2007c158   Section        0  startup_lpc17xx.o(HEAP)
    STACK                                    0x2007c158   Section      512  startup_lpc17xx.o(STACK)
    Heap_Mem                                 0x2007c158   Data           0  startup_lpc17xx.o(HEAP)
    Stack_Mem                                0x2007c158   Data         512  startup_lpc17xx.o(STACK)
    __initial_sp                             0x2007c358   Data           0  startup_lpc17xx.o(STACK)

    Global Symbols

    Symbol Name                              Value     Ov Type        Size  Object(Section)

    BuildAttributes$$THM_ISAv4$P$D$K$B$S$PE$A:L22UL41UL21$X:L11$S22US41US21$IEEE1$IW$USESV6$~STKCKD$USESV7$~SHL$OSPACE$ROPI$EBA8$UX$STANDARDLIB$REQ8$EABIv2 0x00000000   Number         0  anon$$obj.o ABSOLUTE
    __ARM_use_no_argv                        0x00000000   Number         0  uart_main.o ABSOLUTE
    __Vectors                                0x00000000   Data           4  startup_lpc17xx.o(RESET)
    __ARM_exceptions_init                     - Undefined Weak Reference
    __alloca_initialize                       - Undefined Weak Reference
    __arm_fini_                               - Undefined Weak Reference
    __arm_preinit_                            - Undefined Weak Reference
    __cpp_initialize__aeabi_                  - Undefined Weak Reference
    __cxa_finalize                            - Undefined Weak Reference
    __rt_locale                               - Undefined Weak Reference
    __sigvec_lookup                           - Undefined Weak Reference
    _atexit_init                              - Undefined Weak Reference
    _call_atexit_fns                          - Undefined Weak Reference
    _clock_init                               - Undefined Weak Reference
    _fp_trap_init                             - Undefined Weak Reference
    _fp_trap_shutdown                         - Undefined Weak Reference
    _get_lc_collate                           - Undefined Weak Reference
    _get_lc_ctype                             - Undefined Weak Reference
    _get_lc_monetary                          - Undefined Weak Reference
    _get_lc_numeric                           - Undefined Weak Reference
    _get_lc_time                              - Undefined Weak Reference
    _getenv_init                              - Undefined Weak Reference
    _handle_redirection                       - Undefined Weak Reference
    _init_alloc                               - Undefined Weak Reference
    _init_user_alloc                          - Undefined Weak Reference
    _initio                                   - Undefined Weak Reference
    _rand_init                                - Undefined Weak Reference
    _signal_finish                            - Undefined Weak Reference
    _signal_init                              - Undefined Weak Reference
    _terminate_alloc                          - Undefined Weak Reference
    _terminate_user_alloc                     - Undefined Weak Reference
    _terminateio                              - Undefined Weak Reference
    __main                                   0x000000cd   Thumb Code     8  __main.o(!!!main)
    __scatterload                            0x000000d5   Thumb Code     0  __scatter.o(!!!scatter)
    __scatterload_rt2                        0x000000d5   Thumb Code    44  __scatter.o(!!!scatter)
    __scatterload_rt2_thumb_only             0x000000d5   Thumb Code     0  __scatter.o(!!!scatter)
    __scatterload_null                       0x000000e3   Thumb Code     0  __scatter.o(!!!scatter)
    __scatterload_copy                       0x00000109   Thumb Code    26  __scatter_copy.o(!!handler_copy)
    __scatterload_zeroinit                   0x00000125   Thumb Code    28  __scatter_zi.o(!!handler_zi)
    __rt_lib_init                            0x00000141   Thumb Code     0  libinit.o(.ARM.Collect$$libinit$$00000000)
    __rt_lib_init_alloca_1                   0x00000143   Thumb Code     0  libinit2.o(.ARM.Collect$$libinit$$0000002E)
    __rt_lib_init_argv_1                     0x00000143   Thumb Code     0  libinit2.o(.ARM.Collect$$libinit$$0000002C)
    __rt_lib_init_atexit_1                   0x00000143   Thumb Code     0  libinit2.o(.ARM.Collect$$libinit$$0000001B)
    __rt_lib_init_clock_1                    0x00000143   Thumb Code     0  libinit2.o(.ARM.Collect$$libinit$$00000021)
    __rt_lib_init_cpp_1                      0x00000143   Thumb Code     0  libinit2.o(.ARM.Collect$$libinit$$00000032)
    __rt_lib_init_exceptions_1               0x00000143   Thumb Code     0  libinit2.o(.ARM.Collect$$libinit$$00000030)
    __rt_lib_init_fp_1                       0x00000143   Thumb Code     0  libinit2.o(.ARM.Collect$$libinit$$00000002)
    __rt_lib_init_fp_trap_1                  0x00000143   Thumb Code     0  libinit2.o(.ARM.Collect$$libinit$$0000001F)
    __rt_lib_init_getenv_1                   0x00000143   Thumb Code     0  libinit2.o(.ARM.Collect$$libinit$$00000023)
    __rt_lib_init_heap_1                     0x00000143   Thumb Code     0  libinit2.o(.ARM.Collect$$libinit$$0000000A)
    __rt_lib_init_lc_collate_1               0x00000143   Thumb Code     0  libinit2.o(.ARM.Collect$$libinit$$00000011)
    __rt_lib_init_lc_ctype_1                 0x00000143   Thumb Code     0  libinit2.o(.ARM.Collect$$libinit$$00000013)
    __rt_lib_init_lc_monetary_1              0x00000143   Thumb Code     0  libinit2.o(.ARM.Collect$$libinit$$00000015)
    __rt_lib_init_lc_numeric_1               0x00000143   Thumb Code     0  libinit2.o(.ARM.Collect$$libinit$$00000017)
    __rt_lib_init_lc_time_1                  0x00000143   Thumb Code     0  libinit2.o(.ARM.Collect$$libinit$$00000019)
    __rt_lib_init_preinit_1                  0x00000143   Thumb Code     0  libinit2.o(.ARM.Collect$$libinit$$00000004)
    __rt_lib_init_rand_1                     0x00000143   Thumb Code     0  libinit2.o(.ARM.Collect$$libinit$$0000000E)
    __rt_lib_init_return                     0x00000143   Thumb Code     0  libinit2.o(.ARM.Collect$$libinit$$00000033)
    __rt_lib_init_signal_1                   0x00000143   Thumb Code     0  libinit2.o(.ARM.Collect$$libinit$$0000001D)
    __rt_lib_init_stdio_1                    0x00000143   Thumb Code     0  libinit2.o(.ARM.Collect$$libinit$$00000025)
    __rt_lib_init_user_alloc_1               0x00000143   Thumb Code     0  libinit2.o(.ARM.Collect$$libinit$$0000000C)
    __rt_lib_shutdown                        0x00000145   Thumb Code     0  libshutdown.o(.ARM.Collect$$libshutdown$$00000000)
    __rt_lib_shutdown_cpp_1                  0x00000147   Thumb Code     0  libshutdown2.o(.ARM.Collect$$libshutdown$$00000004)
    __rt_lib_shutdown_fini_1                 0x00000147   Thumb Code     0  libshutdown2.o(.ARM.Collect$$libshutdown$$00000002)
    __rt_lib_shutdown_fp_trap_1              0x00000147   Thumb Code     0  libshutdown2.o(.ARM.Collect$$libshutdown$$00000009)
    __rt_lib_shutdown_heap_1                 0x00000147   Thumb Code     0  libshutdown2.o(.ARM.Collect$$libshutdown$$00000011)
    __rt_lib_shutdown_return                 0x00000147   Thumb Code     0  libshutdown2.o(.ARM.Collect$$libshutdown$$00000012)
    __rt_lib_shutdown_signal_1               0x00000147   Thumb Code     0  libshutdown2.o(.ARM.Collect$$libshutdown$$0000000C)
    __rt_lib_shutdown_stdio_1                0x00000147   Thumb Code     0  libshutdown2.o(.ARM.Collect$$libshutdown$$00000006)
    __rt_lib_shutdown_user_alloc_1           0x00000147   Thumb Code     0  libshutdown2.o(.ARM.Collect$$libshutdown$$0000000E)
    __rt_entry                               0x00000149   Thumb Code     0  __rtentry.o(.ARM.Collect$$rtentry$$00000000)
    __rt_entry_presh_1                       0x00000149   Thumb Code     0  __rtentry2.o(.ARM.Collect$$rtentry$$00000002)
    __rt_entry_sh                            0x00000149   Thumb Code     0  __rtentry4.o(.ARM.Collect$$rtentry$$00000004)
    __rt_entry_li                            0x0000014f   Thumb Code     0  __rtentry2.o(.ARM.Collect$$rtentry$$0000000A)
    __rt_entry_postsh_1                      0x0000014f   Thumb Code     0  __rtentry2.o(.ARM.Collect$$rtentry$$00000009)
    __rt_entry_main                          0x00000153   Thumb Code     0  __rtentry2.o(.ARM.Collect$$rtentry$$0000000D)
    __rt_entry_postli_1                      0x00000153   Thumb Code     0  __rtentry2.o(.ARM.Collect$$rtentry$$0000000C)
    __rt_exit                                0x0000015b   Thumb Code     0  rtexit.o(.ARM.Collect$$rtexit$$00000000)
    __rt_exit_ls                             0x0000015d   Thumb Code     0  rtexit2.o(.ARM.Collect$$rtexit$$00000003)
    __rt_exit_prels_1                        0x0000015d   Thumb Code     0  rtexit2.o(.ARM.Collect$$rtexit$$00000002)
    __rt_exit_exit                           0x00000161   Thumb Code     0  rtexit2.o(.ARM.Collect$$rtexit$$00000004)
    wait                                     0x00000169   Thumb Code     4  glcd_lpc1700.o(.emb_text)
    Reset_Handler                            0x0000016d   Thumb Code     8  startup_lpc17xx.o(.text)
    NMI_Handler                              0x00000175   Thumb Code     2  startup_lpc17xx.o(.text)
    HardFault_Handler                        0x00000177   Thumb Code     2  startup_lpc17xx.o(.text)
    MemManage_Handler                        0x00000179   Thumb Code     2  startup_lpc17xx.o(.text)
    BusFault_Handler                         0x0000017b   Thumb Code     2  startup_lpc17xx.o(.text)
    UsageFault_Handler                       0x0000017d   Thumb Code     2  startup_lpc17xx.o(.text)
    SVC_Handler                              0x0000017f   Thumb Code     2  startup_lpc17xx.o(.text)
    DebugMon_Handler                         0x00000181   Thumb Code     2  startup_lpc17xx.o(.text)
    PendSV_Handler                           0x00000183   Thumb Code     2  startup_lpc17xx.o(.text)
    ADC_IRQHandler                           0x00000187   Thumb Code     0  startup_lpc17xx.o(.text)
    BOD_IRQHandler                           0x00000187   Thumb Code     0  startup_lpc17xx.o(.text)
    CANActivity_IRQHandler                   0x00000187   Thumb Code     0  startup_lpc17xx.o(.text)
    CAN_IRQHandler                           0x00000187   Thumb Code     0  startup_lpc17xx.o(.text)
    DMA_IRQHandler                           0x00000187   Thumb Code     0  startup_lpc17xx.o(.text)
    EINT0_IRQHandler                         0x00000187   Thumb Code     0  startup_lpc17xx.o(.text)
    EINT1_IRQHandler                         0x00000187   Thumb Code     0  startup_lpc17xx.o(.text)
    EINT2_IRQHandler                         0x00000187   Thumb Code     0  startup_lpc17xx.o(.text)
    EINT3_IRQHandler                         0x00000187   Thumb Code     0  startup_lpc17xx.o(.text)
    ENET_IRQHandler                          0x00000187   Thumb Code     0  startup_lpc17xx.o(.text)
    I2C0_IRQHandler                          0x00000187   Thumb Code     0  startup_lpc17xx.o(.text)
    I2C1_IRQHandler                          0x00000187   Thumb Code     0  startup_lpc17xx.o(.text)
    I2C2_IRQHandler                          0x00000187   Thumb Code     0  startup_lpc17xx.o(.text)
    I2S_IRQHandler                           0x00000187   Thumb Code     0  startup_lpc17xx.o(.text)
    MCPWM_IRQHandler                         0x00000187   Thumb Code     0  startup_lpc17xx.o(.text)
    PLL0_IRQHandler                          0x00000187   Thumb Code     0  startup_lpc17xx.o(.text)
    PLL1_IRQHandler                          0x00000187   Thumb Code     0  startup_lpc17xx.o(.text)
    PWM1_IRQHandler                          0x00000187   Thumb Code     0  startup_lpc17xx.o(.text)
    QEI_IRQHandler                           0x00000187   Thumb Code     0  startup_lpc17xx.o(.text)
    RIT_IRQHandler                           0x00000187   Thumb Code     0  startup_lpc17xx.o(.text)
    RTC_IRQHandler                           0x00000187   Thumb Code     0  startup_lpc17xx.o(.text)
    SPI_IRQHandler                           0x00000187   Thumb Code     0  startup_lpc17xx.o(.text)
    SSP0_IRQHandler                          0x00000187   Thumb Code     0  startup_lpc17xx.o(.text)
    SSP1_IRQHandler                          0x00000187   Thumb Code     0  startup_lpc17xx.o(.text)
    TIMER1_IRQHandler                        0x00000187   Thumb Code     0  startup_lpc17xx.o(.text)
    TIMER3_IRQHandler                        0x00000187   Thumb Code     0  startup_lpc17xx.o(.text)
    USBActivity_IRQHandler                   0x00000187   Thumb Code     0  startup_lpc17xx.o(.text)
    USB_IRQHandler                           0x00000187   Thumb Code     0  startup_lpc17xx.o(.text)
    WDT_IRQHandler                           0x00000187   Thumb Code     0  startup_lpc17xx.o(.text)
    __user_initial_stackheap                 0x00000189   Thumb Code     0  startup_lpc17xx.o(.text)
    __use_two_region_memory                  0x000001a9   Thumb Code     2  heapauxi.o(.text)
    __rt_heap_escrow$2region                 0x000001ab   Thumb Code     2  heapauxi.o(.text)
    __rt_heap_expand$2region                 0x000001ad   Thumb Code     2  heapauxi.o(.text)
    __user_setup_stackheap                   0x000001af   Thumb Code    74  sys_stackheap_outer.o(.text)
    exit                                     0x000001f9   Thumb Code    18  exit.o(.text)
    __user_libspace                          0x0000020d   Thumb Code     8  libspace.o(.text)
    __user_perproc_libspace                  0x0000020d   Thumb Code     0  libspace.o(.text)
    __user_perthread_libspace                0x0000020d   Thumb Code     0  libspace.o(.text)
    _sys_exit                                0x00000215   Thumb Code     8  sys_exit.o(.text)
    __I$use$semihosting                      0x00000221   Thumb Code     0  use_no_semi.o(.text)
    __use_no_semihosting_swi                 0x00000221   Thumb Code     2  use_no_semi.o(.text)
    __semihosting_library_function           0x00000223   Thumb Code     0  indicate_semi.o(.text)
    UART_PutChar                             0x00000231   Thumb Code     0  uart_putchar.o(Code1)
    UART_GetChar                             0x00000261   Thumb Code     0  uart_getchar.o(Code1)
    GLCD_ClearLn                             0x0000029d   Thumb Code    20  glcd_lpc1700.o(i.GLCD_ClearLn)
    GLCD_DisplayChar                         0x000002c9   Thumb Code    42  glcd_lpc1700.o(i.GLCD_DisplayChar)
    UART_init                                0x00000301   Thumb Code     0  uart_init.o(Code1)
    GLCD_Clear                               0x000003b5   Thumb Code    96  glcd_lpc1700.o(i.GLCD_Clear)
    GLCD_DisplayString                       0x0000041d   Thumb Code    36  glcd_lpc1700.o(i.GLCD_DisplayString)
    GLCD_DrawChar                            0x00000441   Thumb Code   232  glcd_lpc1700.o(i.GLCD_DrawChar)
    GLCD_Init                                0x00000539   Thumb Code  2060  glcd_lpc1700.o(i.GLCD_Init)
    GLCD_SetBackColor                        0x00000d49   Thumb Code     6  glcd_lpc1700.o(i.GLCD_SetBackColor)
    GLCD_SetTextColor                        0x00000d55   Thumb Code     6  glcd_lpc1700.o(i.GLCD_SetTextColor)
    GLCD_WindowMax                           0x00000d61   Thumb Code    88  glcd_lpc1700.o(i.GLCD_WindowMax)
    Initialize_SysTick                       0x00000dbd   Thumb Code    36  uart_api.o(i.Initialize_SysTick)
    SysTick_Handler                          0x00000de5   Thumb Code    96  uart_api.o(i.SysTick_Handler)
    SystemInit                               0x00000e5d   Thumb Code   302  system_lpc17xx.o(i.SystemInit)
    TIMER0_IRQHandler                        0x00000f9d   Thumb Code   116  uart_api.o(i.TIMER0_IRQHandler)
    TIMER2_IRQHandler                        0x00001049   Thumb Code    78  uart_api.o(i.TIMER2_IRQHandler)
    UART0_IRQHandler                         0x000010b5   Thumb Code   258  uart_api.o(i.UART0_IRQHandler)
    UART1_IRQHandler                         0x000011e5   Thumb Code   258  uart_api.o(i.UART1_IRQHandler)
    UART2_IRQHandler                         0x00001319   Thumb Code   258  uart_api.o(i.UART2_IRQHandler)
    UART3_IRQHandler                         0x00001449   Thumb Code   258  uart_api.o(i.UART3_IRQHandler)
    UART_Start_Char_Transmit                 0x00001581   Thumb Code   228  uart_api.o(i.UART_Start_Char_Transmit)
    init_NVIC                                0x00001703   Thumb Code    46  uart_api.o(i.init_NVIC)
    init_Timer0_for_UART                     0x00001731   Thumb Code    44  uart_api.o(i.init_Timer0_for_UART)
    init_Timer2                              0x00001765   Thumb Code    66  uart_api.o(i.init_Timer2)
    main                                     0x000017e5   Thumb Code   712  uart_main.o(i.main)
    wait_delay                               0x00001bd1   Thumb Code    12  glcd_lpc1700.o(i.wait_delay)
    Font_24x16                               0x00001ca8   Data        5376  glcd_lpc1700.o(.constdata)
    Region$$Table$$Base                      0x000031e8   Number         0  anon$$obj.o(Region$$Table)
    Region$$Table$$Limit                     0x00003218   Number         0  anon$$obj.o(Region$$Table)
    UART0_ReceivedBytes                      0x10000000   Data         500  uart_api.o(.bss)
    UART1_ReceivedBytes                      0x100001f4   Data         500  uart_api.o(.bss)
    UART2_ReceivedBytes                      0x100003e8   Data         500  uart_api.o(.bss)
    UART3_ReceivedBytes                      0x100005dc   Data         500  uart_api.o(.bss)
    MyText                                   0x2007c000   Data           4  uart_main.o(.data)
    UART_TX_String                           0x2007c004   Data           4  uart_main.o(.data)
    DebounceThreshold                        0x2007c008   Data           4  uart_main.o(.data)
    LCD_Out_NumberLines                      0x2007c00c   Data           4  uart_main.o(.data)
    ScreenCounter                            0x2007c010   Data           4  uart_main.o(.data)
    LineCounter                              0x2007c014   Data           4  uart_main.o(.data)
    LCD_Number_ScreenTurns                   0x2007c018   Data           4  uart_main.o(.data)
    CharCounter                              0x2007c01c   Data           4  uart_main.o(.data)
    LCD_line                                 0x2007c020   Data           4  uart_main.o(.data)
    EndCharIndex                             0x2007c024   Data           4  uart_main.o(.data)
    Selected_UART_PORT                       0x2007c028   Data           4  uart_main.o(.data)
    UDL                                      0x2007c02c   Data           4  uart_main.o(.data)
    UxFDR_LCR                                0x2007c030   Data           4  uart_main.o(.data)
    FIFO_mode                                0x2007c034   Data           4  uart_main.o(.data)
    IntEnableValue                           0x2007c038   Data           4  uart_main.o(.data)
    New_INT0_ButtonState                     0x2007c03c   Data           4  uart_api.o(.data)
    Old_INT0_ButtonState                     0x2007c040   Data           4  uart_api.o(.data)
    INT0_RisingEdgeDetected                  0x2007c044   Data           4  uart_api.o(.data)
    INT0_FallingEdgeDetected                 0x2007c048   Data           4  uart_api.o(.data)
    INT0_PulsWidthCounter                    0x2007c04c   Data           4  uart_api.o(.data)
    Launch_LCD_Output                        0x2007c050   Data           4  uart_api.o(.data)
    LCD_RefreshTick                          0x2007c054   Data           4  uart_api.o(.data)
    New_UART_Data_Received                   0x2007c058   Data           4  uart_api.o(.data)
    RX_MaxNumberChar                         0x2007c05c   Data           4  uart_api.o(.data)
    LCD_Output_String                        0x2007c060   Data           4  uart_api.o(.data)
    U0_RX_NumberOfChar                       0x2007c064   Data           4  uart_api.o(.data)
    U0_rx_sw_buffer_index                    0x2007c068   Data           4  uart_api.o(.data)
    U1_RX_NumberOfChar                       0x2007c06c   Data           4  uart_api.o(.data)
    U1_rx_sw_buffer_index                    0x2007c070   Data           4  uart_api.o(.data)
    U2_RX_NumberOfChar                       0x2007c074   Data           4  uart_api.o(.data)
    U2_rx_sw_buffer_index                    0x2007c078   Data           4  uart_api.o(.data)
    U3_RX_NumberOfChar                       0x2007c07c   Data           4  uart_api.o(.data)
    U3_rx_sw_buffer_index                    0x2007c080   Data           4  uart_api.o(.data)
    U0_tx_sw_buffer_index                    0x2007c084   Data           4  uart_api.o(.data)
    U0_TX_NumberOfChar                       0x2007c088   Data           4  uart_api.o(.data)
    U1_tx_sw_buffer_index                    0x2007c08c   Data           4  uart_api.o(.data)
    U1_TX_NumberOfChar                       0x2007c090   Data           4  uart_api.o(.data)
    U2_tx_sw_buffer_index                    0x2007c094   Data           4  uart_api.o(.data)
    U2_TX_NumberOfChar                       0x2007c098   Data           4  uart_api.o(.data)
    U3_tx_sw_buffer_index                    0x2007c09c   Data           4  uart_api.o(.data)
    U3_TX_NumberOfChar                       0x2007c0a0   Data           4  uart_api.o(.data)
    U0_TX_Running                            0x2007c0a4   Data           4  uart_api.o(.data)
    U1_TX_Running                            0x2007c0a8   Data           4  uart_api.o(.data)
    U2_TX_Running                            0x2007c0ac   Data           4  uart_api.o(.data)
    U3_TX_Running                            0x2007c0b0   Data           4  uart_api.o(.data)
    AutoBaud_DLL                             0x2007c0b4   Data           4  uart_api.o(.data)
    AutoBaud_DLM                             0x2007c0b8   Data           4  uart_api.o(.data)
    firstValue                               0x2007c0bc   Data           4  uart_api.o(.data)
    secondValue                              0x2007c0c0   Data           4  uart_api.o(.data)
    difference                               0x2007c0c4   Data           4  uart_api.o(.data)
    min                                      0x2007c0c8   Data           4  uart_api.o(.data)
    baud                                     0x2007c0cc   Data           4  uart_api.o(.data)
    zeitdauer                                0x2007c0d0   Data           4  uart_api.o(.data)
    frequenz                                 0x2007c0d4   Data           4  uart_api.o(.data)
    Zeile                                    0x2007c0e0   Data          21  uart_main.o(.bss)
    __libspace_start                         0x2007c0f8   Data          96  libspace.o(.bss)
    __temporary_stack_top$libspace           0x2007c158   Data           0  libspace.o(.bss)



==============================================================================

Memory Map of the image

  Image Entry point : 0x000000cd

  Load Region LR_IROM1 (Base: 0x00000000, Size: 0x000032f8, Max: 0x00080000, ABSOLUTE)

    Execution Region ER_IROM1 (Exec base: 0x00000000, Load base: 0x00000000, Size: 0x00003218, Max: 0x00080000, ABSOLUTE)

    Exec Addr    Load Addr    Size         Type   Attr      Idx    E Section Name        Object

    0x00000000   0x00000000   0x000000cc   Data   RO          365    RESET               startup_lpc17xx.o
    0x000000cc   0x000000cc   0x00000008   Code   RO          415  * !!!main             c_w.l(__main.o)
    0x000000d4   0x000000d4   0x00000034   Code   RO          584    !!!scatter          c_w.l(__scatter.o)
    0x00000108   0x00000108   0x0000001a   Code   RO          586    !!handler_copy      c_w.l(__scatter_copy.o)
    0x00000122   0x00000122   0x00000002   PAD
    0x00000124   0x00000124   0x0000001c   Code   RO          588    !!handler_zi        c_w.l(__scatter_zi.o)
    0x00000140   0x00000140   0x00000002   Code   RO          452    .ARM.Collect$$libinit$$00000000  c_w.l(libinit.o)
    0x00000142   0x00000142   0x00000000   Code   RO          465    .ARM.Collect$$libinit$$00000002  c_w.l(libinit2.o)
    0x00000142   0x00000142   0x00000000   Code   RO          467    .ARM.Collect$$libinit$$00000004  c_w.l(libinit2.o)
    0x00000142   0x00000142   0x00000000   Code   RO          470    .ARM.Collect$$libinit$$0000000A  c_w.l(libinit2.o)
    0x00000142   0x00000142   0x00000000   Code   RO          472    .ARM.Collect$$libinit$$0000000C  c_w.l(libinit2.o)
    0x00000142   0x00000142   0x00000000   Code   RO          474    .ARM.Collect$$libinit$$0000000E  c_w.l(libinit2.o)
    0x00000142   0x00000142   0x00000000   Code   RO          477    .ARM.Collect$$libinit$$00000011  c_w.l(libinit2.o)
    0x00000142   0x00000142   0x00000000   Code   RO          479    .ARM.Collect$$libinit$$00000013  c_w.l(libinit2.o)
    0x00000142   0x00000142   0x00000000   Code   RO          481    .ARM.Collect$$libinit$$00000015  c_w.l(libinit2.o)
    0x00000142   0x00000142   0x00000000   Code   RO          483    .ARM.Collect$$libinit$$00000017  c_w.l(libinit2.o)
    0x00000142   0x00000142   0x00000000   Code   RO          485    .ARM.Collect$$libinit$$00000019  c_w.l(libinit2.o)
    0x00000142   0x00000142   0x00000000   Code   RO          487    .ARM.Collect$$libinit$$0000001B  c_w.l(libinit2.o)
    0x00000142   0x00000142   0x00000000   Code   RO          489    .ARM.Collect$$libinit$$0000001D  c_w.l(libinit2.o)
    0x00000142   0x00000142   0x00000000   Code   RO          491    .ARM.Collect$$libinit$$0000001F  c_w.l(libinit2.o)
    0x00000142   0x00000142   0x00000000   Code   RO          493    .ARM.Collect$$libinit$$00000021  c_w.l(libinit2.o)
    0x00000142   0x00000142   0x00000000   Code   RO          495    .ARM.Collect$$libinit$$00000023  c_w.l(libinit2.o)
    0x00000142   0x00000142   0x00000000   Code   RO          497    .ARM.Collect$$libinit$$00000025  c_w.l(libinit2.o)
    0x00000142   0x00000142   0x00000000   Code   RO          501    .ARM.Collect$$libinit$$0000002C  c_w.l(libinit2.o)
    0x00000142   0x00000142   0x00000000   Code   RO          503    .ARM.Collect$$libinit$$0000002E  c_w.l(libinit2.o)
    0x00000142   0x00000142   0x00000000   Code   RO          505    .ARM.Collect$$libinit$$00000030  c_w.l(libinit2.o)
    0x00000142   0x00000142   0x00000000   Code   RO          507    .ARM.Collect$$libinit$$00000032  c_w.l(libinit2.o)
    0x00000142   0x00000142   0x00000002   Code   RO          508    .ARM.Collect$$libinit$$00000033  c_w.l(libinit2.o)
    0x00000144   0x00000144   0x00000002   Code   RO          539    .ARM.Collect$$libshutdown$$00000000  c_w.l(libshutdown.o)
    0x00000146   0x00000146   0x00000000   Code   RO          565    .ARM.Collect$$libshutdown$$00000002  c_w.l(libshutdown2.o)
    0x00000146   0x00000146   0x00000000   Code   RO          567    .ARM.Collect$$libshutdown$$00000004  c_w.l(libshutdown2.o)
    0x00000146   0x00000146   0x00000000   Code   RO          569    .ARM.Collect$$libshutdown$$00000006  c_w.l(libshutdown2.o)
    0x00000146   0x00000146   0x00000000   Code   RO          572    .ARM.Collect$$libshutdown$$00000009  c_w.l(libshutdown2.o)
    0x00000146   0x00000146   0x00000000   Code   RO          575    .ARM.Collect$$libshutdown$$0000000C  c_w.l(libshutdown2.o)
    0x00000146   0x00000146   0x00000000   Code   RO          577    .ARM.Collect$$libshutdown$$0000000E  c_w.l(libshutdown2.o)
    0x00000146   0x00000146   0x00000000   Code   RO          580    .ARM.Collect$$libshutdown$$00000011  c_w.l(libshutdown2.o)
    0x00000146   0x00000146   0x00000002   Code   RO          581    .ARM.Collect$$libshutdown$$00000012  c_w.l(libshutdown2.o)
    0x00000148   0x00000148   0x00000000   Code   RO          417    .ARM.Collect$$rtentry$$00000000  c_w.l(__rtentry.o)
    0x00000148   0x00000148   0x00000000   Code   RO          423    .ARM.Collect$$rtentry$$00000002  c_w.l(__rtentry2.o)
    0x00000148   0x00000148   0x00000006   Code   RO          435    .ARM.Collect$$rtentry$$00000004  c_w.l(__rtentry4.o)
    0x0000014e   0x0000014e   0x00000000   Code   RO          425    .ARM.Collect$$rtentry$$00000009  c_w.l(__rtentry2.o)
    0x0000014e   0x0000014e   0x00000004   Code   RO          426    .ARM.Collect$$rtentry$$0000000A  c_w.l(__rtentry2.o)
    0x00000152   0x00000152   0x00000000   Code   RO          428    .ARM.Collect$$rtentry$$0000000C  c_w.l(__rtentry2.o)
    0x00000152   0x00000152   0x00000008   Code   RO          429    .ARM.Collect$$rtentry$$0000000D  c_w.l(__rtentry2.o)
    0x0000015a   0x0000015a   0x00000002   Code   RO          456    .ARM.Collect$$rtexit$$00000000  c_w.l(rtexit.o)
    0x0000015c   0x0000015c   0x00000000   Code   RO          512    .ARM.Collect$$rtexit$$00000002  c_w.l(rtexit2.o)
    0x0000015c   0x0000015c   0x00000004   Code   RO          513    .ARM.Collect$$rtexit$$00000003  c_w.l(rtexit2.o)
    0x00000160   0x00000160   0x00000006   Code   RO          514    .ARM.Collect$$rtexit$$00000004  c_w.l(rtexit2.o)
    0x00000166   0x00000166   0x00000002   PAD
    0x00000168   0x00000168   0x00000004   Code   RO          193    .emb_text           glcd_lpc1700.o
    0x0000016c   0x0000016c   0x0000003c   Code   RO          367    .text               startup_lpc17xx.o
    0x000001a8   0x000001a8   0x00000006   Code   RO          413    .text               c_w.l(heapauxi.o)
    0x000001ae   0x000001ae   0x0000004a   Code   RO          439    .text               c_w.l(sys_stackheap_outer.o)
    0x000001f8   0x000001f8   0x00000012   Code   RO          441    .text               c_w.l(exit.o)
    0x0000020a   0x0000020a   0x00000002   PAD
    0x0000020c   0x0000020c   0x00000008   Code   RO          453    .text               c_w.l(libspace.o)
    0x00000214   0x00000214   0x0000000c   Code   RO          509    .text               c_w.l(sys_exit.o)
    0x00000220   0x00000220   0x00000002   Code   RO          528    .text               c_w.l(use_no_semi.o)
    0x00000222   0x00000222   0x00000000   Code   RO          530    .text               c_w.l(indicate_semi.o)
    0x00000222   0x00000222   0x0000000e   PAD
    0x00000230   0x00000230   0x00000030   Code   RO            1    Code1               uart_putchar.o
    0x00000260   0x00000260   0x0000003c   Code   RO          360    Code1               uart_getchar.o
    0x0000029c   0x0000029c   0x0000002c   Code   RO          198    i.GLCD_ClearLn      glcd_lpc1700.o
    0x000002c8   0x000002c8   0x00000030   Code   RO          199    i.GLCD_DisplayChar  glcd_lpc1700.o
    0x000002f8   0x000002f8   0x00000004   PAD
    0x000002fc   0x000002fc   0x00000004   Code   RO          366    .ARM.__at_0x02FC    startup_lpc17xx.o
    0x00000300   0x00000300   0x000000b4   Code   RO            6    Code1               uart_init.o
    0x000003b4   0x000003b4   0x00000068   Code   RO          197    i.GLCD_Clear        glcd_lpc1700.o
    0x0000041c   0x0000041c   0x00000024   Code   RO          200    i.GLCD_DisplayString  glcd_lpc1700.o
    0x00000440   0x00000440   0x000000f8   Code   RO          201    i.GLCD_DrawChar     glcd_lpc1700.o
    0x00000538   0x00000538   0x00000810   Code   RO          202    i.GLCD_Init         glcd_lpc1700.o
    0x00000d48   0x00000d48   0x0000000c   Code   RO          204    i.GLCD_SetBackColor  glcd_lpc1700.o
    0x00000d54   0x00000d54   0x0000000c   Code   RO          205    i.GLCD_SetTextColor  glcd_lpc1700.o
    0x00000d60   0x00000d60   0x0000005c   Code   RO          206    i.GLCD_WindowMax    glcd_lpc1700.o
    0x00000dbc   0x00000dbc   0x00000028   Code   RO           77    i.Initialize_SysTick  uart_api.o
    0x00000de4   0x00000de4   0x00000078   Code   RO           78    i.SysTick_Handler   uart_api.o
    0x00000e5c   0x00000e5c   0x00000140   Code   RO          377    i.SystemInit        system_lpc17xx.o
    0x00000f9c   0x00000f9c   0x000000ac   Code   RO           79    i.TIMER0_IRQHandler  uart_api.o
    0x00001048   0x00001048   0x0000006c   Code   RO           80    i.TIMER2_IRQHandler  uart_api.o
    0x000010b4   0x000010b4   0x00000130   Code   RO           81    i.UART0_IRQHandler  uart_api.o
    0x000011e4   0x000011e4   0x00000134   Code   RO           82    i.UART1_IRQHandler  uart_api.o
    0x00001318   0x00001318   0x00000130   Code   RO           83    i.UART2_IRQHandler  uart_api.o
    0x00001448   0x00001448   0x00000138   Code   RO           84    i.UART3_IRQHandler  uart_api.o
    0x00001580   0x00001580   0x00000128   Code   RO           85    i.UART_Start_Char_Transmit  uart_api.o
    0x000016a8   0x000016a8   0x00000022   Code   RO           86    i.__NVIC_EnableIRQ  uart_api.o
    0x000016ca   0x000016ca   0x00000002   PAD
    0x000016cc   0x000016cc   0x00000028   Code   RO           87    i.__NVIC_SetPriority  uart_api.o
    0x000016f4   0x000016f4   0x0000000e   Code   RO          207    i.delay             glcd_lpc1700.o
    0x00001702   0x00001702   0x0000002e   Code   RO           88    i.init_NVIC         uart_api.o
    0x00001730   0x00001730   0x00000034   Code   RO           89    i.init_Timer0_for_UART  uart_api.o
    0x00001764   0x00001764   0x00000050   Code   RO           90    i.init_Timer2       uart_api.o
    0x000017b4   0x000017b4   0x00000030   Code   RO          208    i.lcd_send          glcd_lpc1700.o
    0x000017e4   0x000017e4   0x00000358   Code   RO           12    i.main              uart_main.o
    0x00001b3c   0x00001b3c   0x00000068   Code   RO          209    i.rd_dat            glcd_lpc1700.o
    0x00001ba4   0x00001ba4   0x0000002c   Code   RO          210    i.rd_reg            glcd_lpc1700.o
    0x00001bd0   0x00001bd0   0x0000000c   Code   RO          211    i.wait_delay        glcd_lpc1700.o
    0x00001bdc   0x00001bdc   0x00000030   Code   RO          212    i.wr_cmd            glcd_lpc1700.o
    0x00001c0c   0x00001c0c   0x00000030   Code   RO          213    i.wr_dat            glcd_lpc1700.o
    0x00001c3c   0x00001c3c   0x00000024   Code   RO          214    i.wr_dat_only       glcd_lpc1700.o
    0x00001c60   0x00001c60   0x00000010   Code   RO          215    i.wr_dat_start      glcd_lpc1700.o
    0x00001c70   0x00001c70   0x00000010   Code   RO          216    i.wr_dat_stop       glcd_lpc1700.o
    0x00001c80   0x00001c80   0x00000028   Code   RO          217    i.wr_reg            glcd_lpc1700.o
    0x00001ca8   0x00001ca8   0x00001500   Data   RO          218    .constdata          glcd_lpc1700.o
    0x000031a8   0x000031a8   0x00000040   Data   RO           14    .conststring        uart_main.o
    0x000031e8   0x000031e8   0x00000030   Data   RO          582    Region$$Table       anon$$obj.o


    Execution Region RW_IRAM1 (Exec base: 0x10000000, Load base: 0x00003218, Size: 0x000007d0, Max: 0x00008000, ABSOLUTE)

    Exec Addr    Load Addr    Size         Type   Attr      Idx    E Section Name        Object

    0x10000000        -       0x000007d0   Zero   RW           91    .bss                uart_api.o


    Execution Region RW_IRAM2 (Exec base: 0x2007c000, Load base: 0x00003218, Size: 0x00000358, Max: 0x00008000, ABSOLUTE)

    Exec Addr    Load Addr    Size         Type   Attr      Idx    E Section Name        Object

    0x2007c000   0x00003218   0x0000003c   Data   RW           15    .data               uart_main.o
    0x2007c03c   0x00003254   0x0000009c   Data   RW           92    .data               uart_api.o
    0x2007c0d8   0x000032f0   0x00000006   Data   RW          219    .data               glcd_lpc1700.o
    0x2007c0de   0x000032f6   0x00000002   PAD
    0x2007c0e0        -       0x00000015   Zero   RW           13    .bss                uart_main.o
    0x2007c0f5   0x000032f6   0x00000003   PAD
    0x2007c0f8        -       0x00000060   Zero   RW          454    .bss                c_w.l(libspace.o)
    0x2007c158        -       0x00000000   Zero   RW          364    HEAP                startup_lpc17xx.o
    0x2007c158        -       0x00000200   Zero   RW          363    STACK               startup_lpc17xx.o


==============================================================================

Image component sizes


      Code (inc. data)   RO Data    RW Data    ZI Data      Debug   Object Name

      3090        126       5376          6          0      14107   glcd_lpc1700.o
        64         26        204          0        512       1100   startup_lpc17xx.o
       320         18          0          0          0        625   system_lpc17xx.o
      2216        408          0        156       2000      28286   uart_api.o
        60         18          0          0          0        280   uart_getchar.o
       180         48          0          0          0        312   uart_init.o
       856        144         64         60         21       7304   uart_main.o
        48         16          0          0          0        312   uart_putchar.o

    ----------------------------------------------------------------------
      6840        808       5692        224       2536      52326   Object Totals
         0          0         48          0          0          0   (incl. Generated)
         6          4          0          2          3          0   (incl. Padding)

    ----------------------------------------------------------------------

      Code (inc. data)   RO Data    RW Data    ZI Data      Debug   Library Member Name

         8          0          0          0          0         68   __main.o
         0          0          0          0          0          0   __rtentry.o
        12          0          0          0          0          0   __rtentry2.o
         6          0          0          0          0          0   __rtentry4.o
        52          8          0          0          0          0   __scatter.o
        26          0          0          0          0          0   __scatter_copy.o
        28          0          0          0          0          0   __scatter_zi.o
        18          0          0          0          0         80   exit.o
         6          0          0          0          0        152   heapauxi.o
         0          0          0          0          0          0   indicate_semi.o
         2          0          0          0          0          0   libinit.o
         2          0          0          0          0          0   libinit2.o
         2          0          0          0          0          0   libshutdown.o
         2          0          0          0          0          0   libshutdown2.o
         8          4          0          0         96         68   libspace.o
         2          0          0          0          0          0   rtexit.o
        10          0          0          0          0          0   rtexit2.o
        12          4          0          0          0         68   sys_exit.o
        74          0          0          0          0         80   sys_stackheap_outer.o
         2          0          0          0          0         68   use_no_semi.o

    ----------------------------------------------------------------------
       292         16          0          0         96        584   Library Totals
        20          0          0          0          0          0   (incl. Padding)

    ----------------------------------------------------------------------

      Code (inc. data)   RO Data    RW Data    ZI Data      Debug   Library Name

       272         16          0          0         96        584   c_w.l

    ----------------------------------------------------------------------
       292         16          0          0         96        584   Library Totals

    ----------------------------------------------------------------------

==============================================================================


      Code (inc. data)   RO Data    RW Data    ZI Data      Debug   

      7132        824       5692        224       2632      50982   Grand Totals
      7132        824       5692        224       2632      50982   ELF Image Totals
      7132        824       5692        224          0          0   ROM Totals

==============================================================================

    Total RO  Size (Code + RO Data)                12824 (  12.52kB)
    Total RW  Size (RW Data + ZI Data)              2856 (   2.79kB)
    Total ROM Size (Code + RO Data + RW Data)      13048 (  12.74kB)

==============================================================================

